- 127.0.0.1  - [17/Jul/2021:17:07:36.061 +0200] "- - " 404 - "-" "-"
- 127.0.0.1 - - [17/Jul/2021:17:07:36.061 +0200] "GET /publisher HTTP/1.1" - - "-" "Mozilla/5.0 (X11; Ubuntu; Linux x86_64; rv:89.0) Gecko/20100101 Firefox/89.0"
- 127.0.0.1  - [17/Jul/2021:17:08:02.847 +0200] "- - " 200 - "-" "-"
- 127.0.0.1 - - [17/Jul/2021:17:08:02.847 +0200] "GET / HTTP/1.1" - - "-" "Mozilla/5.0 (X11; Ubuntu; Linux x86_64; rv:89.0) Gecko/20100101 Firefox/89.0"
- 127.0.0.1  - [17/Jul/2021:17:08:03.040 +0200] "- - " 301 - "-" "-"
- 127.0.0.1 - - [17/Jul/2021:17:08:02.847 +0200] "GET /favicon.ico HTTP/1.1" - - "https://localhost:8243/" "Mozilla/5.0 (X11; Ubuntu; Linux x86_64; rv:89.0) Gecko/20100101 Firefox/89.0"
- 127.0.0.1 - - [17/Jul/2021:17:08:12.559 +0200] "GET /info HTTP/1.1" - - "-" "Mozilla/5.0 (X11; Ubuntu; Linux x86_64; rv:89.0) Gecko/20100101 Firefox/89.0"
- 127.0.0.1  - [17/Jul/2021:17:08:12.559 +0200] "- - " 404 - "-" "-"
- 127.0.0.1 - - [17/Jul/2021:17:08:20.572 +0200] "GET /devportal HTTP/1.1" - - "-" "Mozilla/5.0 (X11; Ubuntu; Linux x86_64; rv:89.0) Gecko/20100101 Firefox/89.0"
- 127.0.0.1  - [17/Jul/2021:17:08:20.572 +0200] "- - " 404 - "-" "-"
- 127.0.0.1  - [17/Jul/2021:17:09:15.327 +0200] "- - " 404 - "-" "-"
- 127.0.0.1  - [17/Jul/2021:17:09:20.990 +0200] "- - " 200 - "-" "-"
- 127.0.0.1 - - [17/Jul/2021:17:09:15.327 +0200] "GET /applications HTTP/1.1" - - "-" "Mozilla/5.0 (X11; Ubuntu; Linux x86_64; rv:89.0) Gecko/20100101 Firefox/89.0"
- 127.0.0.1 - - [17/Jul/2021:17:09:20.990 +0200] "GET / HTTP/1.1" - - "-" "Mozilla/5.0 (X11; Ubuntu; Linux x86_64; rv:89.0) Gecko/20100101 Firefox/89.0"
- 127.0.0.1  - [17/Jul/2021:17:11:02.078 +0200] "- - " 200 - "-" "-"
- 127.0.0.1 - - [17/Jul/2021:17:11:02.078 +0200] "GET /service HTTP/1.1" - - "-" "Mozilla/5.0 (X11; Ubuntu; Linux x86_64; rv:89.0) Gecko/20100101 Firefox/89.0"
- 127.0.0.1  - [17/Jul/2021:17:14:13.952 +0200] "- - " 404 - "-" "-"
- 127.0.0.1 - - [17/Jul/2021:17:14:13.952 +0200] "GET /admin HTTP/1.1" - - "-" "Mozilla/5.0 (X11; Ubuntu; Linux x86_64; rv:89.0) Gecko/20100101 Firefox/89.0"
- 127.0.0.1 - - [17/Jul/2021:19:32:21.663 +0200] "GET / HTTP/1.1" - - "-" "Mozilla/5.0 (X11; Ubuntu; Linux x86_64; rv:89.0) Gecko/20100101 Firefox/89.0"
- 127.0.0.1 - - [17/Jul/2021:19:32:21.663 +0200] "GET /favicon.ico HTTP/1.1" - - "https://localhost:8245/" "Mozilla/5.0 (X11; Ubuntu; Linux x86_64; rv:89.0) Gecko/20100101 Firefox/89.0"
- 127.0.0.1  - [17/Jul/2021:19:32:21.663 +0200] "- - " 200 - "-" "-"
- 127.0.0.1 - - [17/Jul/2021:19:32:31.579 +0200] "OPTIONS /hello/1.0.0 HTTP/1.1" - - "https://localhost:9445/" "Mozilla/5.0 (X11; Ubuntu; Linux x86_64; rv:89.0) Gecko/20100101 Firefox/89.0"
- 127.0.0.1 - - [17/Jul/2021:19:32:31.600 +0200] "GET /hello/1.0.0 HTTP/1.1" - - "https://localhost:9445/" "Mozilla/5.0 (X11; Ubuntu; Linux x86_64; rv:89.0) Gecko/20100101 Firefox/89.0"
- 127.0.0.1  - [17/Jul/2021:19:32:21.829 +0200] "- - " 301 - "-" "-"
- 46.252.181.103 - - [17/Jul/2021:19:32:32.233 +0200] "GET /v2/5185415ba171ea3a00704eed HTTP/1.1" - - "https://localhost:9445/" "Synapse-PT-HttpComponents-NIO"
- 127.0.0.1  - [17/Jul/2021:19:32:31.579 +0200] "- - " 200 - "-" "-"
- 46.252.181.103  - [17/Jul/2021:19:32:32.233 +0200] "- - " 200 - "-" "-"
- 127.0.0.1  - [17/Jul/2021:19:32:31.600 +0200] "- - " 200 - "-" "-"
- 127.0.0.1 - - [17/Jul/2021:19:51:39.655 +0200] "GET /SwaggerPetstore/1.0.0/pet/5 HTTP/1.1" - - "-" "curl/7.68.0"
- 54.87.29.150 - - [17/Jul/2021:19:51:40.202 +0200] "GET /v2/pet/5 HTTP/1.1" - - "-" "Synapse-PT-HttpComponents-NIO"
- 54.87.29.150  - [17/Jul/2021:19:51:40.202 +0200] "- - " 404 - "-" "-"
- 127.0.0.1  - [17/Jul/2021:19:51:39.655 +0200] "- - " 404 - "-" "-"
- 127.0.0.1 - - [17/Jul/2021:19:51:55.123 +0200] "GET /SwaggerPetstore/1.0.0/pet/1 HTTP/1.1" - - "-" "curl/7.68.0"
- 54.87.29.150 - - [17/Jul/2021:19:51:55.138 +0200] "GET /v2/pet/1 HTTP/1.1" - - "-" "Synapse-PT-HttpComponents-NIO"
- 127.0.0.1 - - [17/Jul/2021:19:52:02.070 +0200] "GET /SwaggerPetstore/1.0.0/pet/1 HTTP/1.1" - - "-" "curl/7.68.0"
- 54.87.29.150 - - [17/Jul/2021:19:52:02.075 +0200] "GET /v2/pet/1 HTTP/1.1" - - "-" "Synapse-PT-HttpComponents-NIO"
- 127.0.0.1 - - [17/Jul/2021:19:52:10.137 +0200] "GET /SwaggerPetstore/1.0.0/pet/2 HTTP/1.1" - - "-" "curl/7.68.0"
- 54.87.29.150 - - [17/Jul/2021:19:52:10.142 +0200] "GET /v2/pet/2 HTTP/1.1" - - "-" "Synapse-PT-HttpComponents-NIO"
- 127.0.0.1 - - [17/Jul/2021:19:52:14.265 +0200] "GET /SwaggerPetstore/1.0.0/pet/3 HTTP/1.1" - - "-" "curl/7.68.0"
- 54.87.29.150 - - [17/Jul/2021:19:52:14.270 +0200] "GET /v2/pet/3 HTTP/1.1" - - "-" "Synapse-PT-HttpComponents-NIO"
- 54.87.29.150  - [17/Jul/2021:19:51:55.138 +0200] "- - " 200 - "-" "-"
- 127.0.0.1  - [17/Jul/2021:19:51:55.123 +0200] "- - " 200 - "-" "-"
- 54.87.29.150  - [17/Jul/2021:19:52:02.075 +0200] "- - " 200 - "-" "-"
- 127.0.0.1  - [17/Jul/2021:19:52:02.070 +0200] "- - " 200 - "-" "-"
- 54.87.29.150  - [17/Jul/2021:19:52:10.142 +0200] "- - " 200 - "-" "-"
- 127.0.0.1  - [17/Jul/2021:19:52:10.137 +0200] "- - " 200 - "-" "-"
- 54.87.29.150  - [17/Jul/2021:19:52:14.270 +0200] "- - " 404 - "-" "-"
- 127.0.0.1  - [17/Jul/2021:19:52:14.265 +0200] "- - " 404 - "-" "-"
- 127.0.0.1 - - [17/Jul/2021:20:05:49.250 +0200] "OPTIONS /facilityLevels/1.0.0 HTTP/1.1" - - "https://localhost:9445/" "Mozilla/5.0 (X11; Ubuntu; Linux x86_64; rv:89.0) Gecko/20100101 Firefox/89.0"
- 127.0.0.1 - - [17/Jul/2021:20:05:49.264 +0200] "GET /facilityLevels/1.0.0 HTTP/1.1" - - "https://localhost:9445/" "Mozilla/5.0 (X11; Ubuntu; Linux x86_64; rv:89.0) Gecko/20100101 Firefox/89.0"
- 127.0.0.1  - [17/Jul/2021:20:05:49.250 +0200] "- - " 200 - "-" "-"
- 127.0.0.1  - [17/Jul/2021:20:05:49.264 +0200] "- - " 401 - "-" "-"
- 127.0.0.1 - - [17/Jul/2021:20:12:24.973 +0200] "OPTIONS /facilityLevels/1.0.0 HTTP/1.1" - - "https://localhost:9445/" "Mozilla/5.0 (X11; Ubuntu; Linux x86_64; rv:89.0) Gecko/20100101 Firefox/89.0"
- 127.0.0.1 - - [17/Jul/2021:20:12:24.982 +0200] "GET /facilityLevels/1.0.0 HTTP/1.1" - - "https://localhost:9445/" "Mozilla/5.0 (X11; Ubuntu; Linux x86_64; rv:89.0) Gecko/20100101 Firefox/89.0"
- 83.136.248.89 - - [17/Jul/2021:20:12:25.042 +0200] "GET /facilityLevels/all HTTP/1.1" - - "https://localhost:9445/" "Synapse-PT-HttpComponents-NIO"
- 127.0.0.1  - [17/Jul/2021:20:12:24.973 +0200] "- - " 200 - "-" "-"
- 83.136.248.89  - [17/Jul/2021:20:12:25.042 +0200] "- - " 403 - "-" "-"
- 127.0.0.1  - [17/Jul/2021:20:12:24.982 +0200] "- - " 403 - "-" "-"
- 127.0.0.1 - - [17/Jul/2021:20:21:31.211 +0200] "OPTIONS /facilityLevels/1.0.0 HTTP/1.1" - - "https://localhost:9445/" "Mozilla/5.0 (X11; Ubuntu; Linux x86_64; rv:89.0) Gecko/20100101 Firefox/89.0"
- 127.0.0.1  - [17/Jul/2021:20:21:31.211 +0200] "- - " 200 - "-" "-"
- 127.0.0.1 - - [17/Jul/2021:20:21:31.230 +0200] "GET /facilityLevels/1.0.0 HTTP/1.1" - - "https://localhost:9445/" "Mozilla/5.0 (X11; Ubuntu; Linux x86_64; rv:89.0) Gecko/20100101 Firefox/89.0"
- 83.136.248.89  - [17/Jul/2021:20:21:31.281 +0200] "- - " 403 - "-" "-"
- 83.136.248.89 - - [17/Jul/2021:20:21:31.281 +0200] "GET /facilityLevels/all HTTP/1.1" - - "https://localhost:9445/" "Synapse-PT-HttpComponents-NIO"
- 127.0.0.1  - [17/Jul/2021:20:21:31.230 +0200] "- - " 403 - "-" "-"
- 127.0.0.1 - - [17/Jul/2021:20:22:14.775 +0200] "OPTIONS /facilityLevels/1.0.0 HTTP/1.1" - - "https://localhost:9445/" "Mozilla/5.0 (X11; Ubuntu; Linux x86_64; rv:89.0) Gecko/20100101 Firefox/89.0"
- 127.0.0.1  - [17/Jul/2021:20:22:14.775 +0200] "- - " 200 - "-" "-"
- 127.0.0.1 - - [17/Jul/2021:20:22:14.820 +0200] "GET /facilityLevels/1.0.0 HTTP/1.1" - - "https://localhost:9445/" "Mozilla/5.0 (X11; Ubuntu; Linux x86_64; rv:89.0) Gecko/20100101 Firefox/89.0"
- 83.136.248.89 - - [17/Jul/2021:20:22:14.835 +0200] "GET /facilityLevels/all HTTP/1.1" - - "https://localhost:9445/" "Synapse-PT-HttpComponents-NIO"
- 83.136.248.89  - [17/Jul/2021:20:22:14.835 +0200] "- - " 403 - "-" "-"
- 127.0.0.1  - [17/Jul/2021:20:22:14.820 +0200] "- - " 403 - "-" "-"
