- 127.0.0.1  - [25/Jul/2021:19:51:00.621 +0200] "- - " 200 - "-" "-"
- 127.0.0.1 - - [25/Jul/2021:19:51:00.621 +0200] "OPTIONS /facilityLevels/1.0.0 HTTP/1.1" - - "https://localhost:9445/" "Mozilla/5.0 (X11; Ubuntu; Linux x86_64; rv:90.0) Gecko/20100101 Firefox/90.0"
- 83.136.248.89  - [25/Jul/2021:19:51:01.101 +0200] "- - " 404 - "-" "-"
- 127.0.0.1 - - [25/Jul/2021:19:51:00.716 +0200] "GET /facilityLevels/1.0.0 HTTP/1.1" - - "https://localhost:9445/" "Mozilla/5.0 (X11; Ubuntu; Linux x86_64; rv:90.0) Gecko/20100101 Firefox/90.0"
- 127.0.0.1  - [25/Jul/2021:19:51:00.716 +0200] "- - " 401 - "-" "-"
- 83.136.248.89 - - [25/Jul/2021:19:51:01.101 +0200] "GET http://83.136.248.89:1601/registries/facilities/levelsl HTTP/1.1" - - "https://localhost:9445/" "Synapse-PT-HttpComponents-NIO"
- 127.0.0.1  - [25/Jul/2021:19:52:24.629 +0200] "- - " 200 - "-" "-"
- 127.0.0.1 - - [25/Jul/2021:19:52:24.629 +0200] "OPTIONS /facilityLevels/1.0.0 HTTP/1.1" - - "https://localhost:9445/" "Mozilla/5.0 (X11; Ubuntu; Linux x86_64; rv:90.0) Gecko/20100101 Firefox/90.0"
- 83.136.248.89  - [25/Jul/2021:19:52:24.680 +0200] "- - " 200 - "-" "-"
- 127.0.0.1 - - [25/Jul/2021:19:52:24.639 +0200] "GET /facilityLevels/1.0.0 HTTP/1.1" - - "https://localhost:9445/" "Mozilla/5.0 (X11; Ubuntu; Linux x86_64; rv:90.0) Gecko/20100101 Firefox/90.0"
- 127.0.0.1  - [25/Jul/2021:19:52:24.639 +0200] "- - " 200 - "-" "-"
- 83.136.248.89 - - [25/Jul/2021:19:52:24.680 +0200] "GET /registries/facilities/levels HTTP/1.1" - - "https://localhost:9445/" "Synapse-PT-HttpComponents-NIO"
- 127.0.0.1 - - [25/Jul/2021:19:57:11.670 +0200] "GET / HTTP/1.1" - - "-" "curl/7.68.0"
- 127.0.0.1 - - [25/Jul/2021:19:57:18.974 +0200] "GET / HTTP/1.1" - - "-" "curl/7.68.0"
- 127.0.0.1  - [25/Jul/2021:19:57:11.670 +0200] "- - " 200 - "-" "-"
- 127.0.0.1  - [25/Jul/2021:19:57:18.974 +0200] "- - " 200 - "-" "-"
- 127.0.0.1 - - [25/Jul/2021:19:59:56.707 +0200] "GET /facilityLevels/1.0.0 HTTP/1.1" - - "-" "Mozilla/5.0 (X11; Ubuntu; Linux x86_64; rv:90.0) Gecko/20100101 Firefox/90.0"
- 127.0.0.1  - [25/Jul/2021:19:59:56.707 +0200] "- - " 401 - "-" "-"
- 127.0.0.1 - - [25/Jul/2021:20:00:20.431 +0200] "GET /auth HTTP/1.1" - - "-" "Mozilla/5.0 (X11; Ubuntu; Linux x86_64; rv:90.0) Gecko/20100101 Firefox/90.0"
- 127.0.0.1  - [25/Jul/2021:20:00:20.431 +0200] "- - " 404 - "-" "-"
- 127.0.0.1 - - [25/Jul/2021:21:20:35.575 +0200] "OPTIONS /facilities/authorities/1.0/* HTTP/1.1" - - "https://localhost:9445/" "Mozilla/5.0 (X11; Ubuntu; Linux x86_64; rv:90.0) Gecko/20100101 Firefox/90.0"
- 127.0.0.1  - [25/Jul/2021:21:20:35.575 +0200] "- - " 200 - "-" "-"
- 127.0.0.1 - - [25/Jul/2021:21:20:35.593 +0200] "GET /facilities/authorities/1.0/* HTTP/1.1" - - "https://localhost:9445/" "Mozilla/5.0 (X11; Ubuntu; Linux x86_64; rv:90.0) Gecko/20100101 Firefox/90.0"
- 83.136.248.89  - [25/Jul/2021:21:20:35.652 +0200] "- - " 404 - "-" "-"
- 83.136.248.89 - - [25/Jul/2021:21:20:35.652 +0200] "GET /registries/facilities/authorities/* HTTP/1.1" - - "https://localhost:9445/" "Synapse-PT-HttpComponents-NIO"
- 127.0.0.1  - [25/Jul/2021:21:20:35.593 +0200] "- - " 404 - "-" "-"
- 127.0.0.1 - - [25/Jul/2021:21:23:04.282 +0200] "OPTIONS /facilities/authorities/1.0 HTTP/1.1" - - "https://localhost:9445/" "Mozilla/5.0 (X11; Ubuntu; Linux x86_64; rv:90.0) Gecko/20100101 Firefox/90.0"
- 127.0.0.1 - - [25/Jul/2021:21:23:04.293 +0200] "GET /facilities/authorities/1.0 HTTP/1.1" - - "https://localhost:9445/" "Mozilla/5.0 (X11; Ubuntu; Linux x86_64; rv:90.0) Gecko/20100101 Firefox/90.0"
- 83.136.248.89 - - [25/Jul/2021:21:23:04.341 +0200] "GET /registries/facilities/authorities HTTP/1.1" - - "https://localhost:9445/" "Synapse-PT-HttpComponents-NIO"
- 127.0.0.1  - [25/Jul/2021:21:23:04.282 +0200] "- - " 200 - "-" "-"
- 83.136.248.89  - [25/Jul/2021:21:23:04.341 +0200] "- - " 200 - "-" "-"
- 127.0.0.1  - [25/Jul/2021:21:23:04.293 +0200] "- - " 200 - "-" "-"
- 127.0.0.1 - - [25/Jul/2021:21:50:22.406 +0200] "OPTIONS /facilities/1.0/authorities HTTP/1.1" - - "https://localhost:9445/" "Mozilla/5.0 (X11; Ubuntu; Linux x86_64; rv:90.0) Gecko/20100101 Firefox/90.0"
- 127.0.0.1  - [25/Jul/2021:21:50:22.406 +0200] "- - " 200 - "-" "-"
- 127.0.0.1 - - [25/Jul/2021:21:50:22.418 +0200] "GET /facilities/1.0/authorities HTTP/1.1" - - "https://localhost:9445/" "Mozilla/5.0 (X11; Ubuntu; Linux x86_64; rv:90.0) Gecko/20100101 Firefox/90.0"
- 83.136.248.89  - [25/Jul/2021:21:50:22.473 +0200] "- - " 200 - "-" "-"
- 83.136.248.89 - - [25/Jul/2021:21:50:22.473 +0200] "GET /registries/facilities/authorities HTTP/1.1" - - "https://localhost:9445/" "Synapse-PT-HttpComponents-NIO"
- 127.0.0.1  - [25/Jul/2021:21:50:22.418 +0200] "- - " 200 - "-" "-"
- 127.0.0.1 - - [25/Jul/2021:21:50:33.720 +0200] "OPTIONS /facilities/1.0/levels HTTP/1.1" - - "https://localhost:9445/" "Mozilla/5.0 (X11; Ubuntu; Linux x86_64; rv:90.0) Gecko/20100101 Firefox/90.0"
- 127.0.0.1 - - [25/Jul/2021:21:50:33.728 +0200] "GET /facilities/1.0/levels HTTP/1.1" - - "https://localhost:9445/" "Mozilla/5.0 (X11; Ubuntu; Linux x86_64; rv:90.0) Gecko/20100101 Firefox/90.0"
- 127.0.0.1  - [25/Jul/2021:21:50:33.720 +0200] "- - " 200 - "-" "-"
- 83.136.248.89 - - [25/Jul/2021:21:50:33.733 +0200] "GET /registries/facilities/levels HTTP/1.1" - - "https://localhost:9445/" "Synapse-PT-HttpComponents-NIO"
- 127.0.0.1 - - [25/Jul/2021:21:50:41.960 +0200] "OPTIONS /facilities/1.0/descriptions HTTP/1.1" - - "https://localhost:9445/" "Mozilla/5.0 (X11; Ubuntu; Linux x86_64; rv:90.0) Gecko/20100101 Firefox/90.0"
- 83.136.248.89  - [25/Jul/2021:21:50:33.733 +0200] "- - " 200 - "-" "-"
- 127.0.0.1 - - [25/Jul/2021:21:50:41.980 +0200] "GET /facilities/1.0/descriptions HTTP/1.1" - - "https://localhost:9445/" "Mozilla/5.0 (X11; Ubuntu; Linux x86_64; rv:90.0) Gecko/20100101 Firefox/90.0"
- 127.0.0.1  - [25/Jul/2021:21:50:33.728 +0200] "- - " 200 - "-" "-"
- 83.136.248.89 - - [25/Jul/2021:21:50:41.990 +0200] "GET /registries/facilities/descriptions HTTP/1.1" - - "https://localhost:9445/" "Synapse-PT-HttpComponents-NIO"
- 127.0.0.1  - [25/Jul/2021:21:50:41.960 +0200] "- - " 200 - "-" "-"
- 83.136.248.89  - [25/Jul/2021:21:50:41.990 +0200] "- - " 200 - "-" "-"
- 127.0.0.1  - [25/Jul/2021:21:50:41.980 +0200] "- - " 200 - "-" "-"
- 127.0.0.1  - [25/Jul/2021:22:02:09.382 +0200] "- - " 401 - "-" "-"
- 127.0.0.1  - [25/Jul/2021:22:02:17.404 +0200] "- - " 200 - "-" "-"
- 127.0.0.1 - - [25/Jul/2021:22:02:09.382 +0200] "GET /facilities/1.0/authorities HTTP/1.1" - - "https://localhost:9445/" "Mozilla/5.0 (X11; Ubuntu; Linux x86_64; rv:90.0) Gecko/20100101 Firefox/90.0"
- 83.136.248.89  - [25/Jul/2021:22:02:17.451 +0200] "- - " 200 - "-" "-"
- 127.0.0.1 - - [25/Jul/2021:22:02:17.404 +0200] "OPTIONS /facilities/1.0/authorities HTTP/1.1" - - "https://localhost:9445/" "Mozilla/5.0 (X11; Ubuntu; Linux x86_64; rv:90.0) Gecko/20100101 Firefox/90.0"
- 127.0.0.1 - - [25/Jul/2021:22:02:17.404 +0200] "GET /facilities/1.0/authorities HTTP/1.1" - - "https://localhost:9445/" "Mozilla/5.0 (X11; Ubuntu; Linux x86_64; rv:90.0) Gecko/20100101 Firefox/90.0"
- 127.0.0.1  - [25/Jul/2021:22:02:17.404 +0200] "- - " 200 - "-" "-"
- 83.136.248.89 - - [25/Jul/2021:22:02:17.451 +0200] "GET /registries/facilities/authorities HTTP/1.1" - - "https://localhost:9445/" "Synapse-PT-HttpComponents-NIO"
- 127.0.0.1 - - [25/Jul/2021:22:09:08.124 +0200] "GET /facilities/1.0/authorities HTTP/1.1" - - "-" "Mozilla/5.0 (X11; Ubuntu; Linux x86_64; rv:90.0) Gecko/20100101 Firefox/90.0"
- 127.0.0.1  - [25/Jul/2021:22:09:08.124 +0200] "- - " 401 - "-" "-"
- 127.0.0.1 - - [25/Jul/2021:22:26:35.640 +0200] "GET /facilities/1.0/authorities HTTP/1.1" - - "-" "PostmanRuntime/7.26.8"
- 83.136.248.89  - [25/Jul/2021:22:26:35.701 +0200] "- - " 200 - "-" "-"
- 83.136.248.89 - - [25/Jul/2021:22:26:35.701 +0200] "GET /registries/facilities/authorities HTTP/1.1" - - "-" "Synapse-PT-HttpComponents-NIO"
- 127.0.0.1  - [25/Jul/2021:22:26:35.640 +0200] "- - " 200 - "-" "-"
- 127.0.0.1 - - [25/Jul/2021:22:29:10.889 +0200] "GET /facilities/1.0/levels HTTP/1.1" - - "-" "PostmanRuntime/7.26.8"
- 83.136.248.89 - - [25/Jul/2021:22:29:10.931 +0200] "GET /registries/facilities/levels HTTP/1.1" - - "-" "Synapse-PT-HttpComponents-NIO"
- 127.0.0.1 - - [25/Jul/2021:22:29:15.489 +0200] "GET /facilities/1.0/authorities HTTP/1.1" - - "-" "PostmanRuntime/7.26.8"
- 83.136.248.89 - - [25/Jul/2021:22:29:15.497 +0200] "GET /registries/facilities/authorities HTTP/1.1" - - "-" "Synapse-PT-HttpComponents-NIO"
- 83.136.248.89  - [25/Jul/2021:22:29:10.931 +0200] "- - " 200 - "-" "-"
- 127.0.0.1  - [25/Jul/2021:22:29:10.889 +0200] "- - " 200 - "-" "-"
- 83.136.248.89  - [25/Jul/2021:22:29:15.497 +0200] "- - " 200 - "-" "-"
- 127.0.0.1  - [25/Jul/2021:22:29:15.489 +0200] "- - " 200 - "-" "-"
